Sat Feb  2 19:22:14 UTC 2019
$PROBLEM    LN001 model with linear elimination (concentration only)
$INPUT      C=DROP ROWID USUBJID=DROP SUBJECTN ID TRTGROUP=DROP
            ARMA=DROP ARMAN VISIT VISITNUM TIMEPT=DROP NTIM TIME
            TIME_FLAG TAD OBS DV STDUNIT=DROP BLQ=DROP MDV TEST=DROP
            CMT EXROUTN EXDOSE EXDOSU=DROP EXTDOSE EXTDOSU=DROP
            EXDURAT=DROP EXSEQ AMT RATE AMTMKG AMTTOT RATEMKG RATETOT
            EVID AGE SEX=DROP SEXN RACE=DROP RACEN ETHNIC=DROP ETHNICN
            WEIGHTBL HEIGHTBL BMIBL ALB CRT ESP ALT AST
$DATA      nmdat4LN001.csv IGNORE=C

;IGNORE=@

;IGNORE=(FLAG.NE.0) 

;IGNORE=(NOPK.EQ.1)
$SUBROUTINE ADVAN4 TRANS4
$PK  
 IF (NEWIND.EQ.0) THEN
   LLOQ1 = 0.078 ; MG/L
 ENDIF

 TVCL = THETA(1)           ; POPULATION CLEARANCE (L/DAY)
 TVQ  = THETA(2)           ; POPULATION INTERCOMPARTMENTAL CLEARANCE (L/DAY)
 TVV2 = THETA(3)           ; POPULATION CENTRAL VOLUME (L) 
 TVV3 = THETA(4)           ; POPULATION PERIPHERAL COMPARTMENT VOLUME (L) 
 LF1  = THETA(5)           ; POPULATION BIOAVAIBILITY 
 TVKA = THETA(6)           ; POPULATION ABSORPTION RATE CONSTANT (1/DAY) 
 RUVCV = THETA(7)
 RUVSD = THETA(8)
 
 ; COVARIATE MODEL
 WT_ON_CLQ = THETA(9)
 WT_ON_VSS = THETA(10)

 M_WT = 75 ; kg 
 COVCL = WT_ON_CLQ *(LOG(WEIGHTBL)-LOG(M_WT))
 COVQ  = WT_ON_CLQ *(LOG(WEIGHTBL)-LOG(M_WT))

 COVV2 = WT_ON_VSS *(LOG(WEIGHTBL)-LOG(M_WT))
 COVV3 = WT_ON_VSS *(LOG(WEIGHTBL)-LOG(M_WT))

 CL = TVCL*EXP(ETA(1)+COVCL)          ; CL, INDIVIDUAL CLEARANCE (L/DAY)
 Q  = TVQ *EXP(ETA(1)+COVQ)           ; Q, INDIVIDUAL INTERCOMPARTMENTAL CLEARANCE (L/DAY)

 V2 = TVV2*EXP(ETA(2)+COVV2)          ; V2, INDIVIDUAL CENTRAL VOLUME (L) 
 V3 = TVV3*EXP(ETA(2)+COVV3)          ; V3, INDIVIDUAL PERIPHERAL VOLUME (L) 

 KA = TVKA*EXP(ETA(3))                ; KA, INDIVIDUAL ABSORPTION RATE CONSTANT (1/DAY) 
 

 ;DERIVED PARAMETERS
 K = CL/V2
 K23 = Q/V2
 K32 = Q/V3

 S2 = V2     ; dose = mg, conc = mg/L
 F1 = LF1    ; Or EXP(LF1)/(1+EXP(LF1))
 
;CALCULATE TIME AFTER DOSE
 IF(NEWIND.NE.2) TDOS=0
 IF(AMT.GT.0) TDOS=TIME
 ;TAD=TIME-TDOS         ; TIME RELATIVE TO DOSE
                                              
 

$ERROR  (OBSERVATION ONLY) 
 CALLFL = 0

 EPS0 = 1E-5
 CONCI = A(2)/S2
 IF (CONCI.LE.EPS0) CONCI = EPS0
 IPRED = LOG(CONCI)

 PROP=EXP(RUVCV)*IPRED ; proportional part 
 ADD=EXP(RUVSD) ; additive part 
 SD=SQRT(PROP*PROP + ADD*ADD) ; Standard deviation using proportional residual error 
     
 BLOQ1 = 0
 IF (BLOQ1.EQ.0) THEN
   F_FLAG = 0
   Y = IPRED + SD*ERR(1)
 ELSE
   F_FLAG = 1 
   Y = PHI((LOG(LLOQ1)-LOG(CONCI))/SD)
 ENDIF
 
 IRES  = DV - IPRED
 IWRES = IRES/SD

$THETA  (0,0.15) ; TVCL
 (0,0.45) ; TVQ
 (0,3.00) ; TVV2
 (0,1.50) ; TVV3
 (0,0.70) ; TVF1
 (0,0.40) ; TVKA
 -10 ; RUVCV
 -1 ; RUVSD
 0.75 ; WT_ON_CLQ
 1.0 ; WT_ON_VSS
$OMEGA  BLOCK(2)
 0.1341  ;    IIV_CLQ
 0.0159127 0.0417008  ;    IIV_VSS
$OMEGA  0.01  ; OMEGA-4 IIV_KA
$SIGMA  1  FIX  ;    SIGMA-1
$ESTIMATION MAXEVAL=9999 NSIG=3 SIGL=9 METHOD=1 PRINT=10 NOABORT
            POSTHOC MSFO=001.MSF NOTHETABOUNDTEST NOOMEGABOUNDTEST
            NOSIGMABOUNDTEST
$COVARIANCE PRINT=E UNCONDITIONAL MATRIX=S SIGL=12
;$SIMULATION (20102) (330333 UNIFORM) ONLYSIM SUBPROBLEMS=1

;$EST   METHOD=ITS INTERACTION LAPLACIAN NITER=100 NSIG=3 SIGL=9 CTYPE=2 CINTERVAL=50 NOABORT PRINT=5  GRD=TS(7) NOCOV=1 FILE=blq.ext

;$EST   METHOD=SAEM INTERACTION LAPLACIAN NBURN=10000 NITER=1000 CTYPE=2 PRINT=50 NOCOV=1   CINTERVAL=50 ISAMPLE=2 GRD=TS(7) FILE=blq_saem.ext

;$EST   METHOD=IMP INTERACTION LAPLACIAN ISAMPLE=2000 NITER=10 EONLY=1 PRINT=1 MAPITER=0 NOCOV=0       GRD=TS(7) DF=0    

;$COV   MATRIX=R COMPRESS UNCOND PRINT=E

;************************************************************

;**** TABLES ****

;************************************************************ 

;The 'standard' parameters, including IWRE, IPRE, TIME, and the NONMEM default items (DV, PRED, RES and WRES)
$TABLE      ROWID ID TIME TAD IPRED PRED DV MDV IWRES CWRES RES WRES
            ETA1 ETA2 ETA3 NOAPPEND NOPRINT ONEHEADER FILE=sdtab001
;The empirical Bayes estimates of individual model parameter values, or posthoc estimates.  
$TABLE      ID CL Q V2 V3 F1 KA RUVCV RUVSD WT_ON_CLQ WT_ON_VSS
            NOPRINT ONEHEADER FILE=patab001
;catab5: Categorical covariates, e.g. SEX, RACE.

;$TABLE ID ARMAN SEXN RACEN ETHNICN     NOPRINT NOAPPEND ONEHEADER FILE=catab001        

;cotab5: Continuous covariates, e.g. WT, AGE.

;$TABLE ID  AGE  WEIGHTBL HEIGHTBL BMIBL NOPRINT NOAPPEND ONEHEADER FILE=cotab001

;mutab5, mytab5, extra5, xptab5: Additional variables of any kind. These might be useful 

;if there are more covariates than can be accommodated in the covariates tables, for example, 

;or if you have other variables that should be added, e.g. CMAX, AUC. Value


NM-TRAN MESSAGES
  
 WARNINGS AND ERRORS (IF ANY) FOR PROBLEM    1
             
 (WARNING  2) NM-TRAN INFERS THAT THE DATA ARE POPULATION.

License Registered to: Regeneron Pharmaceuticals Inc
Expiration Date:    14 JUN 2019
Current Date:        2 FEB 2019
Days until program expires : 132
1NONLINEAR MIXED EFFECTS MODEL PROGRAM (NONMEM) VERSION 7.4.1
 ORIGINALLY DEVELOPED BY STUART BEAL, LEWIS SHEINER, AND ALISON BOECKMANN
 CURRENT DEVELOPERS ARE ROBERT BAUER, ICON DEVELOPMENT SOLUTIONS,
 AND ALISON BOECKMANN. IMPLEMENTATION, EFFICIENCY, AND STANDARDIZATION
 PERFORMED BY NOUS INFOSYSTEMS.

 PROBLEM NO.:         1
 LN001 model with linear elimination (concentration only)
0DATA CHECKOUT RUN:              NO
 DATA SET LOCATED ON UNIT NO.:    2
 THIS UNIT TO BE REWOUND:        NO
 NO. OF DATA RECS IN DATA SET:     1628
 NO. OF DATA ITEMS IN DATA SET:  37
 ID DATA ITEM IS DATA ITEM NO.:   3
 DEP VARIABLE IS DATA ITEM NO.:  12
 MDV DATA ITEM IS DATA ITEM NO.: 13
0INDICES PASSED TO SUBROUTINE PRED:
  25   8  19  20   0   0  14   0   0   0   0
0LABELS FOR DATA ITEMS:
 ROWID SUBJECTN ID ARMAN VISIT VISITNUM NTIM TIME TIME_FLAG TAD OBS DV MDV CMT EXROUTN EXDOSE EXTDOSE EXSEQ AMT RATE
 AMTMKG AMTTOT RATEMKG RATETOT EVID AGE SEXN RACEN ETHNICN WEIGHTBL HEIGHTBL BMIBL ALB CRT ESP ALT AST
0(NONBLANK) LABELS FOR PRED-DEFINED ITEMS:
 RUVCV RUVSD WT_ON_CLQ WT_ON_VSS CL Q V2 V3 KA F1 IPRED IWRES
0FORMAT FOR DATA:
 (7(5E13.0/),2E13.0)

 TOT. NO. OF OBS RECS:     1429
 TOT. NO. OF INDIVIDUALS:      110
0LENGTH OF THETA:  10
0DEFAULT THETA BOUNDARY TEST OMITTED:   YES
0OMEGA HAS BLOCK FORM:
  1
  1  1
  0  0  2
0DEFAULT OMEGA BOUNDARY TEST OMITTED:   YES
0SIGMA HAS SIMPLE DIAGONAL FORM WITH DIMENSION:   1
0DEFAULT SIGMA BOUNDARY TEST OMITTED:   YES
0INITIAL ESTIMATE OF THETA:
 LOWER BOUND    INITIAL EST    UPPER BOUND
  0.0000E+00     0.1500E+00     0.1000E+07
  0.0000E+00     0.4500E+00     0.1000E+07
  0.0000E+00     0.3000E+01     0.1000E+07
  0.0000E+00     0.1500E+01     0.1000E+07
  0.0000E+00     0.7000E+00     0.1000E+07
  0.0000E+00     0.4000E+00     0.1000E+07
 -0.1000E+07    -0.1000E+02     0.1000E+07
 -0.1000E+07    -0.1000E+01     0.1000E+07
 -0.1000E+07     0.7500E+00     0.1000E+07
 -0.1000E+07     0.1000E+01     0.1000E+07
0INITIAL ESTIMATE OF OMEGA:
 BLOCK SET NO.   BLOCK                                                                    FIXED
        1                                                                                   NO
                  0.1341E+00
                  0.1591E-01   0.4170E-01
        2                                                                                   NO
                  0.1000E-01
0INITIAL ESTIMATE OF SIGMA:
 0.1000E+01
0SIGMA CONSTRAINED TO BE THIS INITIAL ESTIMATE
0COVARIANCE STEP OMITTED:        NO
 R MATRIX SUBSTITUTED:           NO
 S MATRIX SUBSTITUTED:          YES
 EIGENVLS. PRINTED:             YES
 SPECIAL COMPUTATION:            NO
 COMPRESSED FORMAT:              NO
 GRADIENT METHOD USED:     NOSLOW
 SIGDIGITS ETAHAT (SIGLO):                  -1
 SIGDIGITS GRADIENTS (SIGL):                12
 EXCLUDE COV FOR FOCE (NOFCOV):              NO
 TURN OFF Cholesky Transposition of R Matrix (CHOLROFF): NO
 KNUTHSUMOFF:                                -1
 RESUME COV ANALYSIS (RESUME):               NO
 SIR SAMPLE SIZE (SIRSAMPLE):              -1
 NON-LINEARLY TRANSFORM THETAS DURING COV (THBND): 1
 PRECONDTIONING CYCLES (PRECOND):        0
 PRECONDTIONING TYPES (PRECONDS):        TOS
 FORCED PRECONDTIONING CYCLES (PFCOND):0
 PRECONDTIONING TYPE (PRETYPE):        0
 FORCED POS. DEFINITE SETTING: (FPOSDEF):0
0TABLES STEP OMITTED:    NO
 NO. OF TABLES:           2
 SEED NUMBER (SEED):    11456
 RANMETHOD:             3U
 MC SAMPLES (ESAMPLE):    300
 WRES SQUARE ROOT TYPE (WRESCHOL): EIGENVALUE
0-- TABLE   1 --
0RECORDS ONLY:    ALL
04 COLUMNS APPENDED:    NO
 PRINTED:                NO
 HEADERS:               ONE
 FILE TO BE FORWARDED:   NO
 FORMAT:                S1PE11.4
 LFORMAT:
 RFORMAT:
 FIXED_EFFECT_ETAS:
0USER-CHOSEN ITEMS:
 ROWID ID TIME TAD IPRED PRED DV MDV IWRES CWRES RES WRES ETA1 ETA2 ETA3
0-- TABLE   2 --
0RECORDS ONLY:    ALL
04 COLUMNS APPENDED:    YES
 PRINTED:                NO
 HEADERS:               ONE
 FILE TO BE FORWARDED:   NO
 FORMAT:                S1PE11.4
 LFORMAT:
 RFORMAT:
 FIXED_EFFECT_ETAS:
0USER-CHOSEN ITEMS:
 ID CL Q V2 V3 F1 KA RUVCV RUVSD WT_ON_CLQ WT_ON_VSS
1DOUBLE PRECISION PREDPP VERSION 7.4.1

 TWO COMPARTMENT MODEL WITH FIRST-ORDER ABSORPTION (ADVAN4)
0MAXIMUM NO. OF BASIC PK PARAMETERS:   5
0BASIC PK PARAMETERS (AFTER TRANSLATION):
   BASIC PK PARAMETER NO.  1: ELIMINATION RATE (K)
   BASIC PK PARAMETER NO.  2: CENTRAL-TO-PERIPH. RATE (K23)
   BASIC PK PARAMETER NO.  3: PERIPH.-TO-CENTRAL RATE (K32)
   BASIC PK PARAMETER NO.  5: ABSORPTION RATE (KA)
 TRANSLATOR WILL CONVERT PARAMETERS
 CL, V2, Q, V3 TO K, K23, K32 (TRANS4)
0COMPARTMENT ATTRIBUTES
 COMPT. NO.   FUNCTION   INITIAL    ON/OFF      DOSE      DEFAULT    DEFAULT
                         STATUS     ALLOWED    ALLOWED    FOR DOSE   FOR OBS.
    1         DEPOT        OFF        YES        YES        YES        NO
    2         CENTRAL      ON         NO         YES        NO         YES
    3         PERIPH.      ON         NO         YES        NO         NO
    4         OUTPUT       OFF        YES        NO         NO         NO
1
 ADDITIONAL PK PARAMETERS - ASSIGNMENT OF ROWS IN GG
 COMPT. NO.                             INDICES
              SCALE      BIOAVAIL.   ZERO-ORDER  ZERO-ORDER  ABSORB
                         FRACTION    RATE        DURATION    LAG
    1            *           7           *           *           *
    2            6           *           *           *           *
    3            *           *           *           *           *
    4            *           -           -           -           -
             - PARAMETER IS NOT ALLOWED FOR THIS MODEL
             * PARAMETER IS NOT SUPPLIED BY PK SUBROUTINE;
               WILL DEFAULT TO ONE IF APPLICABLE
0DATA ITEM INDICES USED BY PRED ARE:
   EVENT ID DATA ITEM IS DATA ITEM NO.:     25
   TIME DATA ITEM IS DATA ITEM NO.:          8
   DOSE AMOUNT DATA ITEM IS DATA ITEM NO.:  19
   DOSE RATE DATA ITEM IS DATA ITEM NO.:    20
   COMPT. NO. DATA ITEM IS DATA ITEM NO.:   14

0PK SUBROUTINE CALLED WITH EVERY EVENT RECORD.
 PK SUBROUTINE NOT CALLED AT NONEVENT (ADDITIONAL OR LAGGED) DOSE TIMES.
0DURING SIMULATION, ERROR SUBROUTINE CALLED WITH EVERY EVENT RECORD.
 OTHERWISE, ERROR SUBROUTINE CALLED ONLY WITH OBSERVATION EVENTS.
0ERROR SUBROUTINE INDICATES THAT DERIVATIVES OF COMPARTMENT AMOUNTS ARE USED.
1


 #TBLN:      1
 #METH: First Order Conditional Estimation

 ESTIMATION STEP OMITTED:                 NO
 ANALYSIS TYPE:                           POPULATION
 NUMBER OF SADDLE POINT RESET ITERATIONS:      0
 GRADIENT METHOD USED:               NOSLOW
 CONDITIONAL ESTIMATES USED:              YES
 CENTERED ETA:                            NO
 EPS-ETA INTERACTION:                     NO
 LAPLACIAN OBJ. FUNC.:                    NO
 NO. OF FUNCT. EVALS. ALLOWED:            9999
 NO. OF SIG. FIGURES REQUIRED:            3
 INTERMEDIATE PRINTOUT:                   YES
 ESTIMATE OUTPUT TO MSF:                  YES
 ABORT WITH PRED EXIT CODE 1:             NO
 IND. OBJ. FUNC. VALUES SORTED:           NO
 NUMERICAL DERIVATIVE
       FILE REQUEST (NUMDER):               NONE
 MAP (ETAHAT) ESTIMATION METHOD (OPTMAP):   0
 ETA HESSIAN EVALUATION METHOD (ETADER):    0
 INITIAL ETA FOR MAP ESTIMATION (MCETA):    0
 SIGDIGITS FOR MAP ESTIMATION (SIGLO):      9
 GRADIENT SIGDIGITS OF
       FIXED EFFECTS PARAMETERS (SIGL):     9
 NOPRIOR SETTING (NOPRIOR):                 OFF
 NOCOV SETTING (NOCOV):                     OFF
 DERCONT SETTING (DERCONT):                 OFF
 FINAL ETA RE-EVALUATION (FNLETA):          ON
 EXCLUDE NON-INFLUENTIAL (NON-INFL.) ETAS
       IN SHRINKAGE (ETASTYPE):             NO
 NON-INFL. ETA CORRECTION (NONINFETA):      OFF
 RAW OUTPUT FILE (FILE): psn.ext
 EXCLUDE TITLE (NOTITLE):                   NO
 EXCLUDE COLUMN LABELS (NOLABEL):           NO
 FORMAT FOR ADDITIONAL FILES (FORMAT):      S1PE12.5
 PARAMETER ORDER FOR OUTPUTS (ORDER):       TSOL
 WISHART PRIOR DF INTERPRETATION (WISHTYPE):0
 KNUTHSUMOFF:                               0
 INCLUDE LNTWOPI:                           NO
 INCLUDE CONSTANT TERM TO PRIOR (PRIORC):   NO
 INCLUDE CONSTANT TERM TO OMEGA (ETA) (OLNTWOPI):NO
 ADDITIONAL CONVERGENCE TEST (CTYPE=4)?:    NO
 EM OR BAYESIAN METHOD USED:                 NONE


 THE FOLLOWING LABELS ARE EQUIVALENT
 PRED=NPRED
 RES=NRES
 WRES=NWRES
 IWRS=NIWRES
 IPRD=NIPRED
 IRS=NIRES

 MONITORING OF SEARCH:


0ITERATION NO.:    0    OBJECTIVE VALUE:  -1805.39137463805        NO. OF FUNC. EVALS.:  12
 CUMULATIVE NO. OF FUNC. EVALS.:       12
 NPARAMETR:  1.5000E-01  4.5000E-01  3.0000E+00  1.5000E+00  7.0000E-01  4.0000E-01 -1.0000E+01 -1.0000E+00  7.5000E-01  1.0000E+00
             1.3410E-01  1.5913E-02  4.1701E-02  1.0000E-02
 PARAMETER:  1.0000E-01  1.0000E-01  1.0000E-01  1.0000E-01  1.0000E-01  1.0000E-01 -1.0000E-01 -1.0000E-01  1.0000E-01  1.0000E-01
             1.0000E-01  1.0000E-01  1.0000E-01  1.0000E-01
 GRADIENT:   4.7910E+02 -1.5557E+01 -4.6113E+02 -1.2327E+02  1.9528E+02  3.6416E+02  4.6197E-02  1.6708E+04 -1.7882E+02  5.8724E+02
            -1.9535E+01  1.1326E+02 -4.2340E+01 -1.5517E+01

0ITERATION NO.:   10    OBJECTIVE VALUE:  -2796.41948259600        NO. OF FUNC. EVALS.: 135
 CUMULATIVE NO. OF FUNC. EVALS.:      147
 NPARAMETR:  9.9518E-02  3.2209E-01  2.2622E+00  2.3242E+00  6.7141E-01  2.0186E-01 -1.0021E+01 -1.9410E+00  4.0900E-01  4.6453E-02
             1.0764E-01  2.2054E-02  5.4558E-02  9.7361E-02
 PARAMETER: -3.1029E-01 -2.3442E-01 -1.8229E-01  5.3790E-01  5.8301E-02 -5.8389E-01 -1.0021E-01 -1.9410E-01  5.4534E-02  4.6453E-03
            -9.9076E-03  1.5470E-01  2.1431E-01  1.2379E+00
 GRADIENT:  -1.7322E+02 -7.8184E+01 -3.9931E+02  4.8154E+02  2.7752E+01 -8.4992E+01 -6.7590E-02 -7.5676E+03 -8.4950E+01 -6.2251E+02
            -9.2721E+00 -4.3895E+01  1.5766E+01 -8.5527E+01

0ITERATION NO.:   20    OBJECTIVE VALUE:  -2959.67595605951        NO. OF FUNC. EVALS.: 180
 CUMULATIVE NO. OF FUNC. EVALS.:      327
 NPARAMETR:  1.1866E-01  3.7478E-01  2.7271E+00  2.1180E+00  7.1610E-01  2.4408E-01 -1.5267E+01 -1.8159E+00  8.8045E-01  6.8415E-01
             8.5287E-02  2.1631E-02  3.6483E-02  1.7597E-01
 PARAMETER: -1.3436E-01 -8.2909E-02  4.6393E-03  4.4501E-01  1.2274E-01 -3.9397E-01 -1.5267E-01 -1.8159E-01  1.1739E-01  6.8415E-02
            -1.2628E-01  1.7045E-01 -2.5139E-02  1.5339E+00
 GRADIENT:   1.0134E+01  3.8918E+00  3.4745E+00 -9.6977E-01 -1.4814E+01 -1.2224E+01  1.1915E-06  1.7102E+02 -9.7811E+00  1.2285E+01
            -2.9390E+00  2.5626E+00  8.7435E-01  1.0688E+00

0ITERATION NO.:   30    OBJECTIVE VALUE:  -2959.89526717432        NO. OF FUNC. EVALS.: 325
 CUMULATIVE NO. OF FUNC. EVALS.:      652
 NPARAMETR:  1.1797E-01  3.6868E-01  2.7304E+00  2.1074E+00  7.1614E-01  2.4834E-01 -1.5155E+01 -1.8197E+00  8.8908E-01  6.8014E-01
             8.6404E-02  2.1470E-02  3.6299E-02  1.7472E-01
 PARAMETER: -1.4020E-01 -9.9308E-02  5.8440E-03  4.3998E-01  1.2280E-01 -3.7665E-01 -1.5155E-01 -1.8197E-01  1.1854E-01  6.8014E-02
            -1.1978E-01  1.6809E-01 -2.5682E-02  1.5303E+00
 GRADIENT:  -2.6079E-02 -3.9311E-04 -2.0295E-03  1.4963E-02 -1.1203E-02 -3.9003E-03  1.4269E-06  6.2316E-02  2.6361E-02 -9.2002E-02
             2.2570E-02 -2.0761E-02 -1.3896E-03  1.0367E-02

0ITERATION NO.:   35    OBJECTIVE VALUE:  -2959.89526863435        NO. OF FUNC. EVALS.: 132
 CUMULATIVE NO. OF FUNC. EVALS.:      784
 NPARAMETR:  1.1797E-01  3.6868E-01  2.7304E+00  2.1074E+00  7.1615E-01  2.4834E-01 -1.5258E+01 -1.8197E+00  8.8901E-01  6.8019E-01
             8.6393E-02  2.1471E-02  3.6300E-02  1.7470E-01
 PARAMETER: -1.4019E-01 -9.9312E-02  5.8448E-03  4.3997E-01  1.2280E-01 -3.7665E-01 -1.5258E-01 -1.8197E-01  1.1853E-01  6.8019E-02
            -1.1984E-01  1.6811E-01 -2.5684E-02  1.5302E+00
 GRADIENT:   1.5330E-03 -2.6119E-03 -1.9640E-02 -9.5772E-03 -4.2438E-04 -1.8252E-03 -3.0081E-04 -1.1060E-01 -4.1631E-02  4.3765E-02
            -4.4270E-03  6.3098E-03 -1.6538E-03 -2.6759E-03

 #TERM:
0MINIMIZATION SUCCESSFUL
 HOWEVER, PROBLEMS OCCURRED WITH THE MINIMIZATION.
 REGARD THE RESULTS OF THE ESTIMATION STEP CAREFULLY, AND ACCEPT THEM ONLY
 AFTER CHECKING THAT THE COVARIANCE STEP PRODUCES REASONABLE OUTPUT.
 NO. OF FUNCTION EVALUATIONS USED:      784
 NO. OF SIG. DIGITS IN FINAL EST.:  4.1

 ETABAR IS THE ARITHMETIC MEAN OF THE ETA-ESTIMATES,
 AND THE P-VALUE IS GIVEN FOR THE NULL HYPOTHESIS THAT THE TRUE MEAN IS 0.

 ETABAR:         1.4913E-03 -4.1924E-03 -4.8213E-03
 SE:             2.7373E-02  1.6601E-02  3.1460E-02
 N:                     110         110         110

 P VAL.:         9.5655E-01  8.0062E-01  8.7820E-01

 ETASHRINKSD(%)  1.8787E+00  8.1972E+00  2.0698E+01
 ETASHRINKVR(%)  3.7220E+00  1.5722E+01  3.7112E+01
 EBVSHRINKSD(%)  2.1238E+00  8.4652E+00  2.0732E+01
 EBVSHRINKVR(%)  4.2026E+00  1.6214E+01  3.7166E+01
 EPSSHRINKSD(%)  9.6622E+00
 EPSSHRINKVR(%)  1.8391E+01

  
 TOTAL DATA POINTS NORMALLY DISTRIBUTED (N):         1429
 N*LOG(2PI) CONSTANT TO OBJECTIVE FUNCTION:    2626.3263278989543     
 OBJECTIVE FUNCTION VALUE WITHOUT CONSTANT:   -2959.8952686343473     
 OBJECTIVE FUNCTION VALUE WITH CONSTANT:      -333.56894073539297     
 REPORTED OBJECTIVE FUNCTION DOES NOT CONTAIN CONSTANT
  
 TOTAL EFFECTIVE ETAS (NIND*NETA):                           300
  
 #TERE:
 Elapsed estimation  time in seconds:    16.99
 Elapsed covariance  time in seconds:     1.09
 Elapsed postprocess time in seconds:     0.05
1
 
 
 
 
 
 
 
 
 
 
 
 
 
 
 
 
 
 
 
 
 ************************************************************************************************************************
 ********************                                                                                ********************
 ********************                        FIRST ORDER CONDITIONAL ESTIMATION                      ********************
 #OBJT:**************                       MINIMUM VALUE OF OBJECTIVE FUNCTION                      ********************
 ********************                                                                                ********************
 ************************************************************************************************************************
 





 #OBJV:********************************************    -2959.895       **************************************************
1
 ************************************************************************************************************************
 ********************                                                                                ********************
 ********************                        FIRST ORDER CONDITIONAL ESTIMATION                      ********************
 ********************                             FINAL PARAMETER ESTIMATE                           ********************
 ********************                                                                                ********************
 ************************************************************************************************************************
 


 THETA - VECTOR OF FIXED EFFECTS PARAMETERS   *********


         TH 1      TH 2      TH 3      TH 4      TH 5      TH 6      TH 7      TH 8      TH 9      TH10     
 
         1.18E-01  3.69E-01  2.73E+00  2.11E+00  7.16E-01  2.48E-01 -1.53E+01 -1.82E+00  8.89E-01  6.80E-01
 


 OMEGA - COV MATRIX FOR RANDOM EFFECTS - ETAS  ********


         ETA1      ETA2      ETA3     
 
 ETA1
+        8.64E-02
 
 ETA2
+        2.15E-02  3.63E-02
 
 ETA3
+        0.00E+00  0.00E+00  1.75E-01
 


 SIGMA - COV MATRIX FOR RANDOM EFFECTS - EPSILONS  ****


         EPS1     
 
 EPS1
+        1.00E+00
 
1


 OMEGA - CORR MATRIX FOR RANDOM EFFECTS - ETAS  *******


         ETA1      ETA2      ETA3     
 
 ETA1
+        2.94E-01
 
 ETA2
+        3.83E-01  1.91E-01
 
 ETA3
+        0.00E+00  0.00E+00  4.18E-01
 


 SIGMA - CORR MATRIX FOR RANDOM EFFECTS - EPSILONS  ***


         EPS1     
 
 EPS1
+        1.00E+00
 
1
 ************************************************************************************************************************
 ********************                                                                                ********************
 ********************                        FIRST ORDER CONDITIONAL ESTIMATION                      ********************
 ********************                            STANDARD ERROR OF ESTIMATE                          ********************
 ********************                                                                                ********************
 ************************************************************************************************************************
 


 THETA - VECTOR OF FIXED EFFECTS PARAMETERS   *********


         TH 1      TH 2      TH 3      TH 4      TH 5      TH 6      TH 7      TH 8      TH 9      TH10     
 
         7.75E-03  3.39E-02  1.77E-01  1.62E-01  4.98E-02  1.63E-02  4.48E+04  1.02E-02  1.77E-01  1.20E-01
 


 OMEGA - COV MATRIX FOR RANDOM EFFECTS - ETAS  ********


         ETA1      ETA2      ETA3     
 
 ETA1
+        1.49E-02
 
 ETA2
+        6.25E-03  6.30E-03
 
 ETA3
+       ......... .........  3.41E-02
 


 SIGMA - COV MATRIX FOR RANDOM EFFECTS - EPSILONS  ****


         EPS1     
 
 EPS1
+       .........
 
1


 OMEGA - CORR MATRIX FOR RANDOM EFFECTS - ETAS  *******


         ETA1      ETA2      ETA3     
 
 ETA1
+        2.53E-02
 
 ETA2
+        8.68E-02  1.65E-02
 
 ETA3
+       ......... .........  4.08E-02
 


 SIGMA - CORR MATRIX FOR RANDOM EFFECTS - EPSILONS  ***


         EPS1     
 
 EPS1
+       .........
 
1
 ************************************************************************************************************************
 ********************                                                                                ********************
 ********************                        FIRST ORDER CONDITIONAL ESTIMATION                      ********************
 ********************                          COVARIANCE MATRIX OF ESTIMATE                         ********************
 ********************                                                                                ********************
 ************************************************************************************************************************
 

            TH 1      TH 2      TH 3      TH 4      TH 5      TH 6      TH 7      TH 8      TH 9      TH10      OM11      OM12  
             OM13      OM22      OM23      OM33      SG11  
 
 TH 1
+        6.01E-05
 
 TH 2
+        1.61E-04  1.15E-03
 
 TH 3
+        1.14E-03  2.08E-03  3.13E-02
 
 TH 4
+        1.03E-03  2.70E-03  2.16E-02  2.61E-02
 
 TH 5
+        3.40E-04  7.29E-04  7.61E-03  7.08E-03  2.48E-03
 
 TH 6
+       -1.68E-05 -1.39E-07 -5.25E-05 -8.40E-04 -1.20E-04  2.66E-04
 
 TH 7
+       -3.54E+00 -1.90E+01 -1.30E+02 -3.18E+02 -9.30E+01  5.01E+01  2.01E+09
 
 TH 8
+        2.97E-06  3.96E-05 -6.72E-05 -4.84E-05  1.47E-05 -1.49E-05 -9.31E+00  1.05E-04
 
 TH 9
+        2.35E-04  3.66E-04  2.65E-03  2.40E-03  9.95E-04  1.62E-04  2.87E+02 -2.52E-05  3.14E-02
 
 TH10
+        1.64E-04  4.44E-04  4.32E-03  2.91E-03  1.16E-03  7.95E-07  8.29E+02 -1.72E-04  8.24E-03  1.43E-02
 
 OM11
+       -1.32E-05 -1.14E-05 -1.70E-04  5.30E-05 -3.16E-05 -2.70E-05  6.74E-02 -3.49E-06 -7.64E-04 -1.03E-04  2.22E-04
 
 OM12
+       -8.15E-06  1.49E-05 -2.23E-04 -1.54E-04 -4.51E-05  7.19E-06 -1.85E+01 -2.88E-06 -7.11E-05 -2.40E-05  5.26E-05  3.90E-05
 
 OM13
+       ......... ......... ......... ......... ......... ......... ......... ......... ......... ......... ......... .........
         .........
 
 OM22
+       -1.58E-06  2.42E-05 -1.28E-04 -1.30E-04  6.54E-06  1.27E-05 -3.92E+00 -1.84E-05  5.87E-05  1.99E-04 -3.27E-07  1.55E-05
         .........  3.96E-05
 
 OM23
+       ......... ......... ......... ......... ......... ......... ......... ......... ......... ......... ......... .........
         ......... ......... .........
 
 OM33
+       -1.92E-05  7.03E-05 -3.69E-04  1.57E-05 -5.28E-05  1.92E-04 -6.27E+01 -1.64E-04  6.18E-04  3.65E-05  3.38E-05  4.28E-05
         .........  4.23E-05 .........  1.16E-03
 
 SG11
+       ......... ......... ......... ......... ......... ......... ......... ......... ......... ......... ......... .........
         ......... ......... ......... ......... .........
 
1
 ************************************************************************************************************************
 ********************                                                                                ********************
 ********************                        FIRST ORDER CONDITIONAL ESTIMATION                      ********************
 ********************                          CORRELATION MATRIX OF ESTIMATE                        ********************
 ********************                                                                                ********************
 ************************************************************************************************************************
 

            TH 1      TH 2      TH 3      TH 4      TH 5      TH 6      TH 7      TH 8      TH 9      TH10      OM11      OM12  
             OM13      OM22      OM23      OM33      SG11  
 
 TH 1
+        7.75E-03
 
 TH 2
+        6.11E-01  3.39E-02
 
 TH 3
+        8.30E-01  3.46E-01  1.77E-01
 
 TH 4
+        8.27E-01  4.94E-01  7.56E-01  1.62E-01
 
 TH 5
+        8.82E-01  4.32E-01  8.64E-01  8.81E-01  4.98E-02
 
 TH 6
+       -1.33E-01 -2.50E-04 -1.82E-02 -3.19E-01 -1.48E-01  1.63E-02
 
 TH 7
+       -1.02E-02 -1.25E-02 -1.64E-02 -4.40E-02 -4.17E-02  6.85E-02  4.48E+04
 
 TH 8
+        3.74E-02  1.14E-01 -3.71E-02 -2.93E-02  2.88E-02 -8.93E-02 -2.03E-02  1.02E-02
 
 TH 9
+        1.71E-01  6.10E-02  8.47E-02  8.39E-02  1.13E-01  5.60E-02  3.62E-02 -1.39E-02  1.77E-01
 
 TH10
+        1.77E-01  1.10E-01  2.04E-01  1.50E-01  1.95E-01  4.07E-04  1.54E-01 -1.40E-01  3.88E-01  1.20E-01
 
 OM11
+       -1.14E-01 -2.26E-02 -6.46E-02  2.20E-02 -4.26E-02 -1.11E-01  1.01E-04 -2.29E-02 -2.89E-01 -5.76E-02  1.49E-02
 
 OM12
+       -1.68E-01  7.03E-02 -2.02E-01 -1.53E-01 -1.45E-01  7.06E-02 -6.61E-02 -4.50E-02 -6.42E-02 -3.21E-02  5.66E-01  6.25E-03
 
 OM13
+       ......... ......... ......... ......... ......... ......... ......... ......... ......... ......... ......... .........
         .........
 
 OM22
+       -3.25E-02  1.14E-01 -1.15E-01 -1.28E-01  2.09E-02  1.24E-01 -1.39E-02 -2.86E-01  5.26E-02  2.63E-01 -3.49E-03  3.94E-01
         .........  6.30E-03
 
 OM23
+       ......... ......... ......... ......... ......... ......... ......... ......... ......... ......... ......... .........
         ......... ......... .........
 
 OM33
+       -7.25E-02  6.08E-02 -6.11E-02  2.86E-03 -3.11E-02  3.44E-01 -4.10E-02 -4.70E-01  1.02E-01  8.95E-03  6.65E-02  2.01E-01
         .........  1.97E-01 .........  3.41E-02
 
 SG11
+       ......... ......... ......... ......... ......... ......... ......... ......... ......... ......... ......... .........
         ......... ......... ......... ......... .........
 
1
 ************************************************************************************************************************
 ********************                                                                                ********************
 ********************                        FIRST ORDER CONDITIONAL ESTIMATION                      ********************
 ********************                      INVERSE COVARIANCE MATRIX OF ESTIMATE                     ********************
 ********************                                                                                ********************
 ************************************************************************************************************************
 

            TH 1      TH 2      TH 3      TH 4      TH 5      TH 6      TH 7      TH 8      TH 9      TH10      OM11      OM12  
             OM13      OM22      OM23      OM33      SG11  
 
 TH 1
+        1.43E+05
 
 TH 2
+       -9.97E+03  2.09E+03
 
 TH 3
+       -1.79E+03  1.14E+02  1.89E+02
 
 TH 4
+       -2.89E+02 -2.51E+02  1.29E+01  3.06E+02
 
 TH 5
+       -1.02E+04  1.08E+03 -4.17E+02 -7.77E+02  5.00E+03
 
 TH 6
+        2.41E+03 -7.39E+02 -3.07E+02  6.18E+02 -6.65E+02  6.42E+03
 
 TH 7
+       -5.40E-04  2.10E-05  1.40E-05 -2.03E-08  5.79E-05 -1.66E-04  5.25E-10
 
 TH 8
+        5.14E+03 -1.59E+03  3.91E+02  5.40E+02 -3.16E+03 -3.95E+02  7.47E-05  1.65E+04
 
 TH 9
+       -5.50E+02  4.70E+01  1.36E+01  1.32E+00  7.16E+00 -9.70E+00  2.91E-06 -6.05E+01  4.62E+01
 
 TH10
+        4.65E+02 -4.02E+01 -2.61E+01 -7.64E+00  2.04E+01  2.19E+01 -3.66E-05  8.01E+01 -2.93E+01  1.03E+02
 
 OM11
+        3.40E+03  1.01E+02  8.65E+00 -9.60E+01 -4.03E+02  6.91E+02 -1.34E-04  6.89E+02  1.97E+02 -1.33E+02  8.78E+03
 
 OM12
+        7.71E+02 -9.53E+02 -1.40E+02 -2.19E+01  1.52E+03 -5.40E+02  3.73E-04 -4.37E+03 -2.79E+02  3.67E+02 -1.41E+04  5.67E+04
 
 OM13
+       ......... ......... ......... ......... ......... ......... ......... ......... ......... ......... ......... .........
         .........
 
 OM22
+        4.13E+03 -2.07E+03  9.47E+02  1.52E+03 -7.50E+03  8.36E+02  1.22E-04  1.15E+04  2.04E+02 -6.97E+02  5.95E+03 -2.45E+04
         .........  5.35E+04
 
 OM23
+       ......... ......... ......... ......... ......... ......... ......... ......... ......... ......... ......... .........
         ......... ......... .........
 
 OM33
+        2.23E+03 -2.20E+02  7.48E+01 -1.03E+02 -2.37E+02 -1.20E+03  4.83E-05  2.31E+03 -4.05E+01  3.66E+01 -3.90E+01 -1.06E+03
         .........  3.22E+02 .........  1.50E+03
 
 SG11
+       ......... ......... ......... ......... ......... ......... ......... ......... ......... ......... ......... .........
         ......... ......... ......... ......... .........
 
1
 
 
 
 
 
 
 
 
 
 
 
 
 
 
 
 
 
 
 
 
 ************************************************************************************************************************
 ********************                                                                                ********************
 ********************                        FIRST ORDER CONDITIONAL ESTIMATION                      ********************
 ********************                      EIGENVALUES OF COR MATRIX OF ESTIMATE                     ********************
 ********************                                                                                ********************
 ************************************************************************************************************************
 

             1         2         3         4         5         6         7         8         9        10        11        12
             13        14
 
         5.09E-02  9.12E-02  1.47E-01  2.45E-01  3.83E-01  5.37E-01  7.06E-01  8.27E-01  1.02E+00  1.05E+00  1.24E+00  1.70E+00
          2.02E+00  3.99E+00
 
 Elapsed finaloutput time in seconds:     0.12
 #CPUT: Total CPU Time in Seconds,       18.269
Stop Time:
Sat Feb  2 19:22:37 UTC 2019
