Fri Mar  8 16:27:29 UTC 2019
$PROBLEM    THEOPHYLLINE POPULATION DATA
$INPUT      C=DROP ID AMT TIME DV WGTBL SEXN
$DATA      DAT2.csv IGNORE=C

;ADVAN2 One Compartment Linear Model with First Order Absorption
$SUBROUTINE ADVAN2
$PK 
;THETA(1)=MEAN ABSORPTION RATE CONSTANT (1/HR)
;THETA(2)=MEAN ELIMINATION RATE CONSTANT (1/HR)
;THETA(3)=SLOPE OF CLEARANCE VS WEIGHT RELATIONSHIP (LITERS/HR/KG)
;SCALING PARAMETER=VOLUME/WGTBL SINCE DOSE IS WEIGHT-ADJUSTED

   CALLFL=1
   KA=THETA(1)+ETA(1)
   K=THETA(2)+ETA(2)
   CL=THETA(3)*WGTBL+ETA(3)
   SC=CL/K/WGTBL
SEX = 1

$THETA  (.1,1,5) ; KA
 (.008,.08,1.5) ; K
 (.004,.04,1.9) ; CL
$OMEGA  BLOCK(3)
 6
 .005 .0002
 .3 .006 .4
$ERROR 
  IPRED = F   
  IRES = DV-IPRED
  PROP=SQRT(SIGMA(1,1))*IPRED
  ADD=SQRT(SIGMA(2,2))
  ; COV = SIGMA(1,2); if covariance is required between two epsilons
  ; SD=SQRT(PROP*PROP + ADD*ADD + 2*COV)  ; if covariance is required between two epsilons
  SD=SQRT(PROP*PROP + ADD*ADD)
  
  IWRES = IRES/SD
  Y = IPRED+IPRED*EPS(1) + EPS(2)

$SIGMA  0.02  ; proportional error
 0.1  ; additive error
$ESTIMATION METHOD=1 INTERACTION MAXEVAL=9999 SIG=3 PRINT=5 NOABORT
            POSTHOC MSFO=msf100
$COVARIANCE PRINT=E UNCONDITIONAL MATRIX=S SIGL=12
;************************************************************

;**** TABLES ****

;************************************************************ 

;The 'standard' parameters, including IWRE, IPRE, TIME, and the NONMEM default items (DV, PRED, RES and WRES)

;$TABLE ID TIME   PRED DV MDV CWRES RES WRES ETA1 ETA2 ETA3  NOAPPEND NOPRINT ONEHEADER  FILE=sdtab001  

;The empirical Bayes estimates of individual model parameter values, or posthoc estimates.  

;$TABLE ID  CL  KA  NOPRINT ONEHEADER FILE=patab001     
$TABLE      ID TIME DV MDV EVID IPRED IWRES CWRES ONEHEADER NOPRINT
            FILE=sdtab001
$TABLE      ID CL KA ETA1 ETA2 ETA3 ONEHEADER NOPRINT FILE=patab001
$TABLE      ID ONEHEADER NOPRINT FILE=catab001
$TABLE      ID WGTBL ONEHEADER NOPRINT FILE=cotab001
$TABLE      ID CL KA WGTBL ETA1 ETA2 ETA3 ONEHEADER NOPRINT
            FILE=mytab001


NM-TRAN MESSAGES
  
 WARNINGS AND ERRORS (IF ANY) FOR PROBLEM    1
             
 (WARNING  2) NM-TRAN INFERS THAT THE DATA ARE POPULATION.
             
 (WARNING  43) THE $PK BLOCK REQUESTS "CALL ONCE PER INDIVIDUAL RECORD", BUT
 DATA ITEMS ARE USED IN THE $PK BLOCK. VALUES OF THESE DATA ITEMS
 SUBSEQUENT TO THOSE FROM THE FIRST EVENT RECORD WILL BE IGNORED.  IF THIS
 IS NOT APPROPRIATE, THE CALL DATA ITEM CAN BE USED TO OBTAIN ADDITIONAL
 CALLS, OR $PK'S CALLING PROTOCOL SHOULD BE CHANGED.
             
 (WARNING  79) SIGMA IS USED ON THE RIGHT. WITH A SUBSEQUENT RUN, IF AN
 INITIAL ESTIMATE OF A DIAGONAL BLOCK OF SIGMA IS TO BE COMPUTED BY
 NONMEM, THAT BLOCK WILL BE SET TO AN IDENTITY MATRIX DURING THAT
 COMPUTATION. THIS COULD LEAD TO AN ARITHMETIC EXCEPTION.*

 * THE MAXIMUM NUMBER OF WARNINGS OF ONE OR MORE TYPES WAS REACHED.
 IT IS POSSIBLE THAT SOME WARNING MESSAGES WERE SUPPRESSED.

License Registered to: Regeneron Pharmaceuticals Inc
Expiration Date:    14 JUN 2019
Current Date:        8 MAR 2019
Days until program expires :  96
1NONLINEAR MIXED EFFECTS MODEL PROGRAM (NONMEM) VERSION 7.4.1
 ORIGINALLY DEVELOPED BY STUART BEAL, LEWIS SHEINER, AND ALISON BOECKMANN
 CURRENT DEVELOPERS ARE ROBERT BAUER, ICON DEVELOPMENT SOLUTIONS,
 AND ALISON BOECKMANN. IMPLEMENTATION, EFFICIENCY, AND STANDARDIZATION
 PERFORMED BY NOUS INFOSYSTEMS.

 PROBLEM NO.:         1
 THEOPHYLLINE POPULATION DATA
0DATA CHECKOUT RUN:              NO
 DATA SET LOCATED ON UNIT NO.:    2
 THIS UNIT TO BE REWOUND:        NO
 NO. OF DATA RECS IN DATA SET:      144
 NO. OF DATA ITEMS IN DATA SET:   8
 ID DATA ITEM IS DATA ITEM NO.:   1
 DEP VARIABLE IS DATA ITEM NO.:   4
 MDV DATA ITEM IS DATA ITEM NO.:  8
0INDICES PASSED TO SUBROUTINE PRED:
   7   3   2   0   0   0   0   0   0   0   0
0LABELS FOR DATA ITEMS:
 ID AMT TIME DV WGTBL SEXN EVID MDV
0(NONBLANK) LABELS FOR PRED-DEFINED ITEMS:
 KA CL IPRED IWRES
0FORMAT FOR DATA:
 (6E6.0,2F2.0)

 TOT. NO. OF OBS RECS:      132
 TOT. NO. OF INDIVIDUALS:       12
0LENGTH OF THETA:   3
0DEFAULT THETA BOUNDARY TEST OMITTED:    NO
0OMEGA HAS BLOCK FORM:
  1
  1  1
  1  1  1
0DEFAULT OMEGA BOUNDARY TEST OMITTED:    NO
0SIGMA HAS SIMPLE DIAGONAL FORM WITH DIMENSION:   2
0DEFAULT SIGMA BOUNDARY TEST OMITTED:    NO
0INITIAL ESTIMATE OF THETA:
 LOWER BOUND    INITIAL EST    UPPER BOUND
  0.1000E+00     0.1000E+01     0.5000E+01
  0.8000E-02     0.8000E-01     0.1500E+01
  0.4000E-02     0.4000E-01     0.1900E+01
0INITIAL ESTIMATE OF OMEGA:
 BLOCK SET NO.   BLOCK                                                                    FIXED
        1                                                                                   NO
                  0.6000E+01
                  0.5000E-02   0.2000E-03
                  0.3000E+00   0.6000E-02   0.4000E+00
0INITIAL ESTIMATE OF SIGMA:
 0.2000E-01
 0.0000E+00   0.1000E+00
0COVARIANCE STEP OMITTED:        NO
 R MATRIX SUBSTITUTED:           NO
 S MATRIX SUBSTITUTED:          YES
 EIGENVLS. PRINTED:             YES
 SPECIAL COMPUTATION:            NO
 COMPRESSED FORMAT:              NO
 GRADIENT METHOD USED:     NOSLOW
 SIGDIGITS ETAHAT (SIGLO):                  -1
 SIGDIGITS GRADIENTS (SIGL):                12
 EXCLUDE COV FOR FOCE (NOFCOV):              NO
 TURN OFF Cholesky Transposition of R Matrix (CHOLROFF): NO
 KNUTHSUMOFF:                                -1
 RESUME COV ANALYSIS (RESUME):               NO
 SIR SAMPLE SIZE (SIRSAMPLE):              -1
 NON-LINEARLY TRANSFORM THETAS DURING COV (THBND): 1
 PRECONDTIONING CYCLES (PRECOND):        0
 PRECONDTIONING TYPES (PRECONDS):        TOS
 FORCED PRECONDTIONING CYCLES (PFCOND):0
 PRECONDTIONING TYPE (PRETYPE):        0
 FORCED POS. DEFINITE SETTING: (FPOSDEF):0
0TABLES STEP OMITTED:    NO
 NO. OF TABLES:           5
 SEED NUMBER (SEED):    11456
 RANMETHOD:             3U
 MC SAMPLES (ESAMPLE):    300
 WRES SQUARE ROOT TYPE (WRESCHOL): EIGENVALUE
0-- TABLE   1 --
0RECORDS ONLY:    ALL
04 COLUMNS APPENDED:    YES
 PRINTED:                NO
 HEADER:                YES
 FILE TO BE FORWARDED:   NO
 FORMAT:                S1PE11.4
 LFORMAT:
 RFORMAT:
 FIXED_EFFECT_ETAS:
0USER-CHOSEN ITEMS:
 ID TIME DV MDV EVID IPRED IWRES CWRES
0-- TABLE   2 --
0RECORDS ONLY:    ALL
04 COLUMNS APPENDED:    YES
 PRINTED:                NO
 HEADER:                YES
 FILE TO BE FORWARDED:   NO
 FORMAT:                S1PE11.4
 LFORMAT:
 RFORMAT:
 FIXED_EFFECT_ETAS:
0USER-CHOSEN ITEMS:
 ID CL KA ETA1 ETA2 ETA3
0-- TABLE   3 --
0RECORDS ONLY:    ALL
04 COLUMNS APPENDED:    YES
 PRINTED:                NO
 HEADER:                YES
 FILE TO BE FORWARDED:   NO
 FORMAT:                S1PE11.4
 LFORMAT:
 RFORMAT:
 FIXED_EFFECT_ETAS:
0USER-CHOSEN ITEMS:
 ID
0-- TABLE   4 --
0RECORDS ONLY:    ALL
04 COLUMNS APPENDED:    YES
 PRINTED:                NO
 HEADER:                YES
 FILE TO BE FORWARDED:   NO
 FORMAT:                S1PE11.4
 LFORMAT:
 RFORMAT:
 FIXED_EFFECT_ETAS:
0USER-CHOSEN ITEMS:
 ID WGTBL
0-- TABLE   5 --
0RECORDS ONLY:    ALL
04 COLUMNS APPENDED:    YES
 PRINTED:                NO
 HEADER:                YES
 FILE TO BE FORWARDED:   NO
 FORMAT:                S1PE11.4
 LFORMAT:
 RFORMAT:
 FIXED_EFFECT_ETAS:
0USER-CHOSEN ITEMS:
 ID CL KA WGTBL ETA1 ETA2 ETA3
1DOUBLE PRECISION PREDPP VERSION 7.4.1

 ONE COMPARTMENT MODEL WITH FIRST-ORDER ABSORPTION (ADVAN2)
0MAXIMUM NO. OF BASIC PK PARAMETERS:   3
0BASIC PK PARAMETERS (AFTER TRANSLATION):
   ELIMINATION RATE (K) IS BASIC PK PARAMETER NO.:  1
   ABSORPTION RATE (KA) IS BASIC PK PARAMETER NO.:  3

0COMPARTMENT ATTRIBUTES
 COMPT. NO.   FUNCTION   INITIAL    ON/OFF      DOSE      DEFAULT    DEFAULT
                         STATUS     ALLOWED    ALLOWED    FOR DOSE   FOR OBS.
    1         DEPOT        OFF        YES        YES        YES        NO
    2         CENTRAL      ON         NO         YES        NO         YES
    3         OUTPUT       OFF        YES        NO         NO         NO
1
 ADDITIONAL PK PARAMETERS - ASSIGNMENT OF ROWS IN GG
 COMPT. NO.                             INDICES
              SCALE      BIOAVAIL.   ZERO-ORDER  ZERO-ORDER  ABSORB
                         FRACTION    RATE        DURATION    LAG
    1            *           *           *           *           *
    2            4           *           *           *           *
    3            *           -           -           -           -
             - PARAMETER IS NOT ALLOWED FOR THIS MODEL
             * PARAMETER IS NOT SUPPLIED BY PK SUBROUTINE;
               WILL DEFAULT TO ONE IF APPLICABLE
0DATA ITEM INDICES USED BY PRED ARE:
   EVENT ID DATA ITEM IS DATA ITEM NO.:      7
   TIME DATA ITEM IS DATA ITEM NO.:          3
   DOSE AMOUNT DATA ITEM IS DATA ITEM NO.:   2

0PK SUBROUTINE CALLED ONCE PER INDIVIDUAL RECORD.
 PK SUBROUTINE NOT CALLED AT NONEVENT (ADDITIONAL OR LAGGED) DOSE TIMES.
0ERROR SUBROUTINE CALLED WITH EVERY EVENT RECORD.
1


 #TBLN:      1
 #METH: First Order Conditional Estimation with Interaction

 ESTIMATION STEP OMITTED:                 NO
 ANALYSIS TYPE:                           POPULATION
 NUMBER OF SADDLE POINT RESET ITERATIONS:      0
 GRADIENT METHOD USED:               NOSLOW
 CONDITIONAL ESTIMATES USED:              YES
 CENTERED ETA:                            NO
 EPS-ETA INTERACTION:                     YES
 LAPLACIAN OBJ. FUNC.:                    NO
 NO. OF FUNCT. EVALS. ALLOWED:            9999
 NO. OF SIG. FIGURES REQUIRED:            3
 INTERMEDIATE PRINTOUT:                   YES
 ESTIMATE OUTPUT TO MSF:                  YES
 ABORT WITH PRED EXIT CODE 1:             NO
 IND. OBJ. FUNC. VALUES SORTED:           NO
 NUMERICAL DERIVATIVE
       FILE REQUEST (NUMDER):               NONE
 MAP (ETAHAT) ESTIMATION METHOD (OPTMAP):   0
 ETA HESSIAN EVALUATION METHOD (ETADER):    0
 INITIAL ETA FOR MAP ESTIMATION (MCETA):    0
 SIGDIGITS FOR MAP ESTIMATION (SIGLO):      100
 GRADIENT SIGDIGITS OF
       FIXED EFFECTS PARAMETERS (SIGL):     100
 NOPRIOR SETTING (NOPRIOR):                 OFF
 NOCOV SETTING (NOCOV):                     OFF
 DERCONT SETTING (DERCONT):                 OFF
 FINAL ETA RE-EVALUATION (FNLETA):          ON
 EXCLUDE NON-INFLUENTIAL (NON-INFL.) ETAS
       IN SHRINKAGE (ETASTYPE):             NO
 NON-INFL. ETA CORRECTION (NONINFETA):      OFF
 RAW OUTPUT FILE (FILE): psn.ext
 EXCLUDE TITLE (NOTITLE):                   NO
 EXCLUDE COLUMN LABELS (NOLABEL):           NO
 FORMAT FOR ADDITIONAL FILES (FORMAT):      S1PE12.5
 PARAMETER ORDER FOR OUTPUTS (ORDER):       TSOL
 WISHART PRIOR DF INTERPRETATION (WISHTYPE):0
 KNUTHSUMOFF:                               0
 INCLUDE LNTWOPI:                           NO
 INCLUDE CONSTANT TERM TO PRIOR (PRIORC):   NO
 INCLUDE CONSTANT TERM TO OMEGA (ETA) (OLNTWOPI):NO
 ADDITIONAL CONVERGENCE TEST (CTYPE=4)?:    NO
 EM OR BAYESIAN METHOD USED:                 NONE


 THE FOLLOWING LABELS ARE EQUIVALENT
 PRED=PREDI
 RES=RESI
 WRES=WRESI
 IWRS=IWRESI
 IPRD=IPREDI
 IRS=IRESI

 MONITORING OF SEARCH:


0ITERATION NO.:    0    OBJECTIVE VALUE:   118.686480326698        NO. OF FUNC. EVALS.:   7
 CUMULATIVE NO. OF FUNC. EVALS.:        7
 NPARAMETR:  1.0000E+00  8.0000E-02  4.0000E-02  6.0000E+00  5.0000E-03  3.0000E-01  2.0000E-04  6.0000E-03  4.0000E-01  2.0000E-02
             1.0000E-01
 PARAMETER:  1.0000E-01  1.0000E-01  1.0000E-01  1.0000E-01  1.0000E-01  1.0000E-01  1.0000E-01  1.0000E-01  1.0000E-01  1.0000E-01
             1.0000E-01
 GRADIENT:  -2.6542E+00 -4.8636E+01  3.3423E+01  1.1110E+01 -7.8702E+00  1.2507E+01  5.9439E+00 -4.0215E+01 -5.6622E-01  2.0904E+01
             1.0731E+01

0ITERATION NO.:    5    OBJECTIVE VALUE:   108.308808930786        NO. OF FUNC. EVALS.:  41
 CUMULATIVE NO. OF FUNC. EVALS.:       48
 NPARAMETR:  1.0932E+00  8.8310E-02  4.2510E-02  2.3432E+00  5.5254E-03 -1.2544E-01  1.6854E-04  7.7689E-03  5.5551E-01  1.5001E-02
             7.3003E-02
 PARAMETER:  2.2209E-01  2.1510E-01  1.6876E-01 -3.7013E-01  1.7683E-01 -6.6909E-02 -1.5282E-02  1.5739E-01 -1.5214E-01 -4.3808E-02
            -5.7333E-02
 GRADIENT:  -5.4668E+00  1.4507E+01  1.6105E+00  3.2474E+00  7.3873E+00 -5.4664E+00 -1.6279E+00  1.4844E+01  4.5101E+00 -1.7922E+01
            -5.8796E+00

0ITERATION NO.:   10    OBJECTIVE VALUE:   103.243916152175        NO. OF FUNC. EVALS.:  41
 CUMULATIVE NO. OF FUNC. EVALS.:       89
 NPARAMETR:  1.6825E+00  8.6563E-02  3.9662E-02  1.3221E+00  2.3891E-03 -4.2087E-02  1.7490E-04  9.9518E-03  6.1773E-01  1.6870E-02
             6.1786E-02
 PARAMETER:  8.5140E-01  1.9187E-01  9.0382E-02 -6.5627E-01  1.0179E-01 -2.9886E-02  3.0972E-02  1.8686E-01 -9.4204E-01  1.4891E-02
            -1.4074E-01
 GRADIENT:  -5.1806E-01  1.4507E+01 -1.3858E+01  7.1634E-01 -3.8039E+00  5.1938E+00 -2.2847E+00  3.4754E+01  5.6230E-01 -1.2460E+01
            -5.8774E+00

0ITERATION NO.:   15    OBJECTIVE VALUE:   102.154536935045        NO. OF FUNC. EVALS.:  41
 CUMULATIVE NO. OF FUNC. EVALS.:      130
 NPARAMETR:  1.7024E+00  8.7066E-02  4.0589E-02  1.2685E+00  2.4319E-03 -1.0309E-01  1.5166E-04  8.1121E-03  5.0062E-01  1.8179E-02
             7.0962E-02
 PARAMETER:  8.6997E-01  1.9860E-01  1.1654E-01 -6.7695E-01  1.0578E-01 -7.4732E-02 -4.3431E-02  1.6681E-01 -1.0314E+00  5.2271E-02
            -7.1512E-02
 GRADIENT:   1.9092E-01  2.4067E+00 -1.9301E+00  4.8999E-01  1.2126E+00 -1.8699E+00 -4.5752E-01  5.7906E+00  4.6811E-01  4.9111E-01
             8.8593E-02

0ITERATION NO.:   20    OBJECTIVE VALUE:   101.978920029004        NO. OF FUNC. EVALS.:  40
 CUMULATIVE NO. OF FUNC. EVALS.:      170
 NPARAMETR:  1.6861E+00  8.7012E-02  4.0591E-02  1.2179E+00  2.5655E-03 -9.1876E-02  1.5023E-04  8.1711E-03  4.9140E-01  1.8197E-02
             7.1427E-02
 PARAMETER:  8.5482E-01  1.9788E-01  1.1661E-01 -6.9733E-01  1.1389E-01 -6.7976E-02 -5.0870E-02  1.6916E-01 -2.4346E+00  5.2756E-02
            -6.8248E-02
 GRADIENT:  -7.5237E-03  4.1005E-01 -3.7274E-01 -1.3266E-04 -5.4993E-02  7.7112E-02 -1.1668E-01  1.5846E+00  1.9886E-02  1.0092E-01
             4.8583E-02

0ITERATION NO.:   25    OBJECTIVE VALUE:   101.959527453652        NO. OF FUNC. EVALS.:  57
 CUMULATIVE NO. OF FUNC. EVALS.:      227
 NPARAMETR:  1.7045E+00  8.7124E-02  4.0654E-02  1.2221E+00  2.5522E-03 -9.5003E-02  1.4942E-04  8.1332E-03  4.8918E-01  1.8185E-02
             7.1499E-02
 PARAMETER:  8.7192E-01  1.9938E-01  1.1837E-01 -6.9560E-01  1.1310E-01 -7.0168E-02 -5.3401E-02  1.6892E-01 -4.0528E+00  5.2427E-02
            -6.7747E-02
 GRADIENT:  -3.2169E-01 -2.3487E-01 -2.7077E-01 -3.8427E-02  1.1877E-01 -1.7662E-01 -6.6481E-02  5.6783E-01  7.5580E-04  2.3307E-02
             2.8700E-02

0ITERATION NO.:   30    OBJECTIVE VALUE:   101.956280008496        NO. OF FUNC. EVALS.: 107
 CUMULATIVE NO. OF FUNC. EVALS.:      334             RESET HESSIAN, TYPE I
 NPARAMETR:  1.7220E+00  8.7208E-02  4.0685E-02  1.2328E+00  2.5321E-03 -9.5852E-02  1.4941E-04  8.1339E-03  4.8875E-01  1.8173E-02
             7.1446E-02
 PARAMETER:  8.8811E-01  2.0050E-01  1.1920E-01 -6.9126E-01  1.1172E-01 -7.0488E-02 -5.3016E-02  1.6884E-01 -4.6077E+00  5.2091E-02
            -6.8116E-02
 GRADIENT:   7.2658E-01  4.9501E-01  6.4393E-01 -1.6637E-04  4.2618E-03 -6.0096E-03  2.1348E-04 -1.6325E-02  0.0000E+00  1.7460E-02
             3.9360E-03

0ITERATION NO.:   32    OBJECTIVE VALUE:   101.956280008496        NO. OF FUNC. EVALS.:  23
 CUMULATIVE NO. OF FUNC. EVALS.:      357
 NPARAMETR:  1.7220E+00  8.7208E-02  4.0685E-02  1.2328E+00  2.5321E-03 -9.5852E-02  1.4941E-04  8.1339E-03  4.8875E-01  1.8173E-02
             7.1446E-02
 PARAMETER:  8.8811E-01  2.0050E-01  1.1920E-01 -6.9126E-01  1.1172E-01 -7.0488E-02 -5.3016E-02  1.6884E-01 -4.6077E+00  5.2091E-02
            -6.8116E-02
 GRADIENT:  -1.0617E-03 -1.0426E-02  5.5129E-03 -1.6637E-04  4.2618E-03 -6.0096E-03  2.1348E-04 -1.6325E-02  0.0000E+00  2.1306E-03
             9.4455E-04

 #TERM:
0MINIMIZATION SUCCESSFUL
 NO. OF FUNCTION EVALUATIONS USED:      357
 NO. OF SIG. DIGITS IN FINAL EST.:  3.7
0PARAMETER ESTIMATE IS NEAR ITS BOUNDARY

 ETABAR IS THE ARITHMETIC MEAN OF THE ETA-ESTIMATES,
 AND THE P-VALUE IS GIVEN FOR THE NULL HYPOTHESIS THAT THE TRUE MEAN IS 0.

 ETABAR:        -3.7184E-02  2.6620E-05  8.8349E-03
 SE:             3.0634E-01  3.3395E-03  1.9271E-01
 N:                      12          12          12

 P VAL.:         9.0339E-01  9.9364E-01  9.6343E-01

 ETASHRINKSD(%)  1.7372E-01  1.1498E+00  2.6493E-01
 ETASHRINKVR(%)  3.4714E-01  2.2864E+00  5.2915E-01
 EBVSHRINKSD(%)  3.1637E+00  4.7534E+00  4.0136E+00
 EBVSHRINKVR(%)  6.2273E+00  9.2808E+00  7.8661E+00
 EPSSHRINKSD(%)  7.9195E+00  8.4927E+00
 EPSSHRINKVR(%)  1.5212E+01  1.6264E+01

  
 TOTAL DATA POINTS NORMALLY DISTRIBUTED (N):          132
 N*LOG(2PI) CONSTANT TO OBJECTIVE FUNCTION:    242.59977276603360     
 OBJECTIVE FUNCTION VALUE WITHOUT CONSTANT:    101.95628000849561     
 OBJECTIVE FUNCTION VALUE WITH CONSTANT:       344.55605277452923     
 REPORTED OBJECTIVE FUNCTION DOES NOT CONTAIN CONSTANT
  
 TOTAL EFFECTIVE ETAS (NIND*NETA):                            36
  
 #TERE:
 Elapsed estimation  time in seconds:     0.58
0S MATRIX ALGORITHMICALLY SINGULAR
0COVARIANCE MATRIX UNOBTAINABLE
 Elapsed covariance  time in seconds:     0.06
 Elapsed postprocess time in seconds:     0.01
1
 
 
 
 
 
 
 
 
 
 
 
 
 
 
 
 
 
 
 
 
 ************************************************************************************************************************
 ********************                                                                                ********************
 ********************               FIRST ORDER CONDITIONAL ESTIMATION WITH INTERACTION              ********************
 #OBJT:**************                       MINIMUM VALUE OF OBJECTIVE FUNCTION                      ********************
 ********************                                                                                ********************
 ************************************************************************************************************************
 





 #OBJV:********************************************      101.956       **************************************************
1
 ************************************************************************************************************************
 ********************                                                                                ********************
 ********************               FIRST ORDER CONDITIONAL ESTIMATION WITH INTERACTION              ********************
 ********************                             FINAL PARAMETER ESTIMATE                           ********************
 ********************                                                                                ********************
 ************************************************************************************************************************
 


 THETA - VECTOR OF FIXED EFFECTS PARAMETERS   *********


         TH 1      TH 2      TH 3     
 
         1.72E+00  8.72E-02  4.07E-02
 


 OMEGA - COV MATRIX FOR RANDOM EFFECTS - ETAS  ********


         ETA1      ETA2      ETA3     
 
 ETA1
+        1.23E+00
 
 ETA2
+        2.53E-03  1.49E-04
 
 ETA3
+       -9.59E-02  8.13E-03  4.89E-01
 


 SIGMA - COV MATRIX FOR RANDOM EFFECTS - EPSILONS  ****


         EPS1      EPS2     
 
 EPS1
+        1.82E-02
 
 EPS2
+        0.00E+00  7.14E-02
 
1


 OMEGA - CORR MATRIX FOR RANDOM EFFECTS - ETAS  *******


         ETA1      ETA2      ETA3     
 
 ETA1
+        1.11E+00
 
 ETA2
+        1.87E-01  1.22E-02
 
 ETA3
+       -1.23E-01  9.52E-01  6.99E-01
 


 SIGMA - CORR MATRIX FOR RANDOM EFFECTS - EPSILONS  ***


         EPS1      EPS2     
 
 EPS1
+        1.35E-01
 
 EPS2
+        0.00E+00  2.67E-01
 
1
 ************************************************************************************************************************
 ********************                                                                                ********************
 ********************               FIRST ORDER CONDITIONAL ESTIMATION WITH INTERACTION              ********************
 ********************                                     S MATRIX                                   ********************
 ********************                                                                                ********************
 ************************************************************************************************************************
 

            TH 1      TH 2      TH 3      OM11      OM12      OM13      OM22      OM23      OM33      SG11      SG12      SG22  

 
 TH 1
+        9.09E+00
 
 TH 2
+       -1.73E+02  1.13E+05
 
 TH 3
+        1.96E+02 -1.55E+05  3.35E+05
 
 OM11
+        2.97E+00  2.91E+02 -4.89E+02  2.79E+00
 
 OM12
+        7.77E+02  1.19E+04 -4.37E+04  4.25E+02  1.32E+05
 
 OM13
+       -1.23E+01 -7.58E+02  2.00E+03 -8.37E+00 -2.92E+03  7.78E+01
 
 OM22
+       -4.70E+04  1.03E+06 -6.28E+06 -2.14E+04 -3.44E+06  2.99E+03  7.00E+08
 
 OM23
+        1.04E+03 -7.28E+04  1.36E+05  3.51E+02  6.27E+04  2.98E+02 -1.31E+07  3.33E+05
 
 OM33
+        0.00E+00  0.00E+00  0.00E+00  0.00E+00  0.00E+00  0.00E+00  0.00E+00  0.00E+00  0.00E+00
 
 SG11
+       -2.88E+02  7.13E+04 -7.46E+04 -1.53E+02 -3.16E+04  1.95E+02  3.38E+06 -1.08E+05  0.00E+00  2.27E+05
 
 SG12
+       ......... ......... ......... ......... ......... ......... ......... ......... ......... ......... .........
 
 SG22
+       -6.76E+01 -5.68E+02 -1.23E+04 -3.11E+01 -7.88E+03  1.12E+02  9.15E+05 -5.79E+03  0.00E+00  6.61E+03 .........  3.43E+03
 
 Elapsed finaloutput time in seconds:     0.05
 #CPUT: Total CPU Time in Seconds,        0.596
Stop Time:
Fri Mar  8 16:27:34 UTC 2019
